// Jest Snapshot v1, https://goo.gl/fbAQLP

exports[`<MergeSubStake /> should render correctly 1`] = `
<DocumentFragment>
  <form
    class=""
  >
    <div
      class="form-group row"
    >
      <label
        class="form-label col-form-label col-md-2 offset-md-2"
        for="substake-merge-id"
      >
        Merge with #
      </label>
      <div
        class="col-md-4"
      >
        <input
          class="form-control"
          id="substake-merge-id"
          name="prolongMergeValue"
          type="number"
          value=""
        />
        <div
          class="feedback-placeholder"
        >
          <div
            class="invalid-feedback"
            style="display: none;"
          />
        </div>
      </div>
    </div>
    <div
      class="d-flex justify-content-center"
    >
      <button
        class="btn btn-primary"
        type="submit"
      >
        Merge
      </button>
    </div>
  </form>
</DocumentFragment>
`;
